2026-08-24 17:34:17.635: [INFO] CurrentProfilePath: C:\Users\PROFESIONAL\OneDrive\Escritorio\ECLIPSE.PROYECTO\.metadata\.plugins\org.eclipse.swt\EBWebView\Default
2026-08-24 17:34:17.635: [INFO] Profiles total count: 1
2026-08-24 17:34:17.635: [INFO] Profile: name=Perfil 1 path=C:\Users\PROFESIONAL\OneDrive\Escritorio\ECLIPSE.PROYECTO\.metadata\.plugins\org.eclipse.swt\EBWebView\Default lastActive=null
2026-08-24 17:34:17.635: [INFO] LastUsedProfileDir: C:\Users\PROFESIONAL\OneDrive\Escritorio\ECLIPSE.PROYECTO\.metadata\.plugins\org.eclipse.swt\EBWebView\Default
2026-08-24 17:34:17.635: [INFO] OnDoneLoading sync enabled: 0
2026-08-24 17:34:17.635: [INFO] BookmarkModelLoaded, ids_reassigned: 0
2026-08-24 17:34:17.635: [INFO] BookmarksLoadDropped droppedNodes=0
2026-08-24 17:34:17.635: [INFO] BookmarksSnapshot Startup total=0 bar=0 other=0 mobile=0 showBar=0 showBarNTP=1
2026-08-24 17:34:33.066: [INFO] BookmarksSnapshot Shutdown total=0 bar=0 other=0 mobile=0 showBar=0 showBarNTP=1
2026-08-24 17:34:34.284: [INFO] CurrentProfilePath: C:\Users\PROFESIONAL\OneDrive\Escritorio\ECLIPSE.PROYECTO\.metadata\.plugins\org.eclipse.swt\EBWebView\Default
2026-08-24 17:34:34.284: [INFO] Profiles total count: 1
2026-08-24 17:34:34.285: [INFO] Profile: name=Perfil 1 path=C:\Users\PROFESIONAL\OneDrive\Escritorio\ECLIPSE.PROYECTO\.metadata\.plugins\org.eclipse.swt\EBWebView\Default lastActive=2026-08-24T17:34:18.622Z
2026-08-24 17:34:34.285: [INFO] LastUsedProfileDir: C:\Users\PROFESIONAL\OneDrive\Escritorio\ECLIPSE.PROYECTO\.metadata\.plugins\org.eclipse.swt\EBWebView\Default
2026-08-24 17:34:34.285: [INFO] MostRecentlyActiveProfile: name=Perfil 1 path=C:\Users\PROFESIONAL\OneDrive\Escritorio\ECLIPSE.PROYECTO\.metadata\.plugins\org.eclipse.swt\EBWebView\Default lastActive=2026-08-24T17:34:18.622Z
2026-08-24 17:34:34.285: [INFO] OnDoneLoading sync enabled: 0
2026-08-24 17:34:34.285: [INFO] BookmarkModelLoaded, ids_reassigned: 0
2026-08-24 17:34:34.285: [INFO] BookmarksLoadDropped droppedNodes=0
2026-08-24 17:34:34.285: [INFO] BookmarksSnapshot Startup total=0 bar=0 other=0 mobile=0 showBar=0 showBarNTP=1
2026-08-24 17:37:59.222: [INFO] BookmarksSnapshot Shutdown total=0 bar=0 other=0 mobile=0 showBar=0 showBarNTP=1
2026-08-24 17:44:45.277: [INFO] CurrentProfilePath: C:\Users\PROFESIONAL\OneDrive\Escritorio\ECLIPSE.PROYECTO\.metadata\.plugins\org.eclipse.swt\EBWebView\Default
2026-08-24 17:44:45.277: [INFO] Profiles total count: 1
2026-08-24 17:44:45.278: [INFO] Profile: name=Perfil 1 path=C:\Users\PROFESIONAL\OneDrive\Escritorio\ECLIPSE.PROYECTO\.metadata\.plugins\org.eclipse.swt\EBWebView\Default lastActive=2026-08-24T17:37:56.635Z
2026-08-24 17:44:45.278: [INFO] LastUsedProfileDir: C:\Users\PROFESIONAL\OneDrive\Escritorio\ECLIPSE.PROYECTO\.metadata\.plugins\org.eclipse.swt\EBWebView\Default
2026-08-24 17:44:45.278: [INFO] MostRecentlyActiveProfile: name=Perfil 1 path=C:\Users\PROFESIONAL\OneDrive\Escritorio\ECLIPSE.PROYECTO\.metadata\.plugins\org.eclipse.swt\EBWebView\Default lastActive=2026-08-24T17:37:56.635Z
2026-08-24 17:44:45.278: [INFO] OnDoneLoading sync enabled: 0
2026-08-24 17:44:45.278: [INFO] BookmarkModelLoaded, ids_reassigned: 0
2026-08-24 17:44:45.278: [INFO] BookmarksLoadDropped droppedNodes=0
2026-08-24 17:44:45.278: [INFO] BookmarksSnapshot Startup total=0 bar=0 other=0 mobile=0 showBar=0 showBarNTP=1
2026-08-24 18:57:39.301: [INFO] BookmarksSnapshot Shutdown total=0 bar=0 other=0 mobile=0 showBar=0 showBarNTP=1
2026-08-24 19:01:15.288: [INFO] CurrentProfilePath: C:\Users\PROFESIONAL\OneDrive\Escritorio\ECLIPSE.PROYECTO\.metadata\.plugins\org.eclipse.swt\EBWebView\Default
2026-08-24 19:01:15.288: [INFO] Profiles total count: 1
2026-08-24 19:01:15.289: [INFO] Profile: name=Perfil 1 path=C:\Users\PROFESIONAL\OneDrive\Escritorio\ECLIPSE.PROYECTO\.metadata\.plugins\org.eclipse.swt\EBWebView\Default lastActive=2026-08-24T17:37:56.635Z
2026-08-24 19:01:15.289: [INFO] LastUsedProfileDir: C:\Users\PROFESIONAL\OneDrive\Escritorio\ECLIPSE.PROYECTO\.metadata\.plugins\org.eclipse.swt\EBWebView\Default
2026-08-24 19:01:15.289: [INFO] MostRecentlyActiveProfile: name=Perfil 1 path=C:\Users\PROFESIONAL\OneDrive\Escritorio\ECLIPSE.PROYECTO\.metadata\.plugins\org.eclipse.swt\EBWebView\Default lastActive=2026-08-24T17:37:56.635Z
2026-08-24 19:01:15.289: [INFO] OnDoneLoading sync enabled: 0
2026-08-24 19:01:15.289: [INFO] BookmarkModelLoaded, ids_reassigned: 0
2026-08-24 19:01:15.289: [INFO] BookmarksLoadDropped droppedNodes=0
2026-08-24 19:01:15.289: [INFO] BookmarksSnapshot Startup total=0 bar=0 other=0 mobile=0 showBar=0 showBarNTP=1
2026-08-24 19:01:55.196: [INFO] BookmarksSnapshot Shutdown total=0 bar=0 other=0 mobile=0 showBar=0 showBarNTP=1
